500
<!DOCTYPE html><html><head><style data-next-hide-fouc="true">body{display:none}</style><noscript data-next-hide-fouc="true"><style>body{display:block}</style></noscript><meta charSet="utf-8"/><meta name="viewport" content="width=device-width"/><meta name="next-head-count" content="2"/><noscript data-n-css=""></noscript><script defer="" nomodule="" src="/_next/static/chunks/polyfills.js"></script><script src="/_next/static/chunks/webpack.js" defer=""></script><script src="/_next/static/chunks/main.js" defer=""></script><script src="/_next/static/chunks/pages/_app.js" defer=""></script><script src="/_next/static/chunks/pages/_error.js" defer=""></script><script src="/_next/static/development/_buildManifest.js" defer=""></script><script src="/_next/static/development/_ssgManifest.js" defer=""></script><noscript id="__next_css__DO_NOT_USE__"></noscript></head><body><div id="__next"></div><script src="/_next/static/chunks/react-refresh.js"></script><script id="__NEXT_DATA__" type="application/json">{"props":{"pageProps":{"statusCode":500}},"page":"/_error","query":{},"buildId":"development","isFallback":false,"err":{"name":"Error","source":"edge-server","message":"Missing Clerk Secret Key or API Key. Go to https://dashboard.clerk.com and get your key for your instance.","stack":"Error: Missing Clerk Secret Key or API Key. Go to https://dashboard.clerk.com and get your key for your instance.\n    at assertValidSecretKey (webpack-internal:///(middleware)/./node_modules/@clerk/backend/dist/esm/index.js:755:11)\n    at authenticateRequest (webpack-internal:///(middleware)/./node_modules/@clerk/backend/dist/esm/index.js:2825:3)\n    at Object.authenticateRequest2 [as authenticateRequest] (webpack-internal:///(middleware)/./node_modules/@clerk/backend/dist/esm/index.js:2932:12)\n    at authenticateRequest (webpack-internal:///(middleware)/./node_modules/@clerk/nextjs/dist/esm/server/authenticateRequest.js:19:70)\n    at eval (webpack-internal:///(middleware)/./node_modules/@clerk/nextjs/dist/esm/server/authMiddleware.js:71:105)\n    at async adapter (webpack-internal:///(middleware)/./node_modules/next/dist/esm/server/web/adapter.js:176:16)\n    at async runWithTaggedErrors (file://C:\\Users\\RUTUJA\\Downloads\\lms-learning-main\\lms-learning-main\\node_modules\\next\\dist\\server\\web\\sandbox\\sandbox.js:99:24)\n    at async DevServer.runMiddleware (file://C:\\Users\\RUTUJA\\Downloads\\lms-learning-main\\lms-learning-main\\node_modules\\next\\dist\\server\\next-server.js:1028:24)\n    at async DevServer.runMiddleware (file://C:\\Users\\RUTUJA\\Downloads\\lms-learning-main\\lms-learning-main\\node_modules\\next\\dist\\server\\dev\\next-dev-server.js:261:28)\n    at async NextNodeServer.handleCatchallMiddlewareRequest (file://C:\\Users\\RUTUJA\\Downloads\\lms-learning-main\\lms-learning-main\\node_modules\\next\\dist\\server\\next-server.js:321:26)"},"gip":true,"scriptLoader":[]}</script></body></html>
